
> adey-erp@0.1.0 build
> next build

Γû▓ Next.js 16.2.1 (Turbopack)
- Environments: .env.local

  Creating an optimized production build ...
npm : 
At line:1 char:1
+ npm run build > 
build_output.log 2>&1 
; cat build_output.log
+ ~~~~~~~~~~~~~~~~~~~~~
~~~~~~~~~~~~~~~~
    + CategoryInfo     
         : NotSpecifi  
  ed: (:String) [],    
 RemoteException
    + FullyQualifiedEr 
   rorId : NativeComm  
  andError
 
> Build error occurred
Error: Turbopack build 
failed with 1 errors:
./src/lib/supabase.js:1
:1
Module not found: 
Can't resolve 
'@supabase/supabase-js'
[31m[1m>[0m [90m1 
|[0m [36mimport[0m 
{ createClient } 
[36mfrom[0m [32m"@su
pabase/supabase-js"[0m
;
  [90m  |[0m [31m[1
m^^^^^^^^^^^^^^^^^^^^^^
^^^^^^^^^^^^^^^^^^^^^^^
^^^^^^^^[0m
  [90m2 |[0m
  [90m3 |[0m [90m// 
Ensure environment 
variables exist[0m
  [90m4 |[0m 
[36mconst[0m 
supabaseUrl = process.e
nv.[33mNEXT_PUBLIC_SUP
ABASE_URL[0m || 
[32m""[0m;



Import traces:
  Client Component 
Browser:
    
./src/lib/supabase.js 
[Client Component 
Browser]
    ./src/app/request-m
aterials/page.js 
[Client Component 
Browser]
    ./src/app/request-m
aterials/page.js 
[Server Component]

  Client Component SSR:
    
./src/lib/supabase.js 
[Client Component SSR]
    ./src/app/request-m
aterials/page.js 
[Client Component SSR]
    ./src/app/request-m
aterials/page.js 
[Server Component]

https://nextjs.org/docs
/messages/module-not-fo
und


    at <unknown> (./src
/lib/supabase.js:1:1)
    at <unknown> (https
://nextjs.org/docs/mess
ages/module-not-found)
